---
http_interactions:
- request:
    method: post
    uri: http://localhost:3000/api/files/upload.json?content_length=26757&content_type=docx&token=vGAMKzyN1pFGCNcCFsPpjjVVZtvim1zop3te2pQU
    body:
      encoding: US-ASCII
      string: ''
    headers:
      User-Agent:
      - Faraday v0.8.7
      Content-Length:
      - '0'
      Accept:
      - ! '*/*'
  response:
    status:
      code: 422
      message: ''
    headers:
      Content-Type:
      - application/json; charset=utf-8
      X-Ua-Compatible:
      - IE=Edge
      Cache-Control:
      - no-cache
      X-Request-Id:
      - 621b3af48645fb1073e55a95b1b0c212
      X-Runtime:
      - '0.009850'
      Server:
      - WEBrick/1.3.1 (Ruby/1.9.3/2012-11-10)
      Date:
      - Sun, 07 Jul 2013 22:46:59 GMT
      Content-Length:
      - '61'
      Connection:
      - Keep-Alive
    body:
      encoding: US-ASCII
      string: ! '{"errors":{"credits":["need more credits to convert files"]}}'
    http_version: 
  recorded_at: Sun, 07 Jul 2013 22:46:59 GMT
- request:
    method: get
    uri: http://localhost:3000/api/uploads.json?token=vGAMKzyN1pFGCNcCFsPpjjVVZtvim1zop3te2pQU
    body:
      encoding: US-ASCII
      string: ''
    headers:
      User-Agent:
      - Faraday v0.8.7
      Accept-Encoding:
      - gzip;q=1.0,deflate;q=0.6,identity;q=0.3
      Accept:
      - ! '*/*'
  response:
    status:
      code: 200
      message: ! 'OK '
    headers:
      Content-Type:
      - application/json; charset=utf-8
      X-Ua-Compatible:
      - IE=Edge
      Etag:
      - ! '"b43687c602a82010e4d4591ff6b7404f"'
      Cache-Control:
      - max-age=0, private, must-revalidate
      X-Request-Id:
      - 3113fe862ccf4f4e4a458847144f6b04
      X-Runtime:
      - '0.016860'
      Server:
      - WEBrick/1.3.1 (Ruby/1.9.3/2012-11-10)
      Date:
      - Sun, 07 Jul 2013 22:46:59 GMT
      Content-Length:
      - '79'
      Connection:
      - Keep-Alive
    body:
      encoding: US-ASCII
      string: ! '{"uploads":[],"total_uploads":0,"current_page":1,"per_page":20,"total_pages":0}'
    http_version: 
  recorded_at: Sun, 07 Jul 2013 22:46:59 GMT
- request:
    method: get
    uri: http://fileturn.net/api/users.json?token=vGAMKzyN1pFGCNcCFsPpjjVVZtvim1zop3te2pQU
    body:
      encoding: US-ASCII
      string: ''
    headers:
      User-Agent:
      - Faraday v0.8.7
      Accept-Encoding:
      - gzip;q=1.0,deflate;q=0.6,identity;q=0.3
      Accept:
      - ! '*/*'
  response:
    status:
      code: 401
      message: Unauthorized
    headers:
      Cache-Control:
      - no-cache
      Content-Type:
      - application/json; charset=utf-8
      Date:
      - Wed, 10 Jul 2013 02:23:47 GMT
      Status:
      - 401 Unauthorized
      X-Rack-Cache:
      - miss
      X-Request-Id:
      - c5a953f6afa289036ea7cc90d86a2dd0
      X-Runtime:
      - '0.006471'
      X-Ua-Compatible:
      - IE=Edge,chrome=1
      Transfer-Encoding:
      - chunked
      Connection:
      - keep-alive
    body:
      encoding: US-ASCII
      string: ! '{"error":"Your token is invalid","status":401}'
    http_version: 
  recorded_at: Wed, 10 Jul 2013 02:26:16 GMT
recorded_with: VCR 2.4.0
